// Jest Snapshot v1, https://goo.gl/fbAQLP

exports[`Post renders correctly 1`] = `
<div>
  <p>
     There is no post yet 
  </p>
</div>
`;
