// Jest Snapshot v1, https://goo.gl/fbAQLP

exports[`SearchBar renders correctly 1`] = `
<div>
  <form
    class="flex justify-between border border-gray-300 p-1 rounded-lg mx-auto md:w-80"
  >
    <input
      aria-label="Search posts"
      id="header-search"
      name="search"
      placeholder="Search Reddit"
      type="text"
      value=""
    />
    <button
      aria-label="Search"
      type="submit"
    >
      <svg
        aria-hidden="true"
        fill="none"
        height="1em"
        stroke="currentColor"
        stroke-width="2"
        viewBox="0 0 24 24"
        width="1em"
        xmlns="http://www.w3.org/2000/svg"
      >
        <path
          d="M21 21l-6-6m2-5a7 7 0 11-14 0 7 7 0 0114 0z"
          stroke-linecap="round"
          stroke-linejoin="round"
        />
      </svg>
    </button>
  </form>
</div>
`;
