// Jest Snapshot v1, https://goo.gl/fbAQLP

exports[`Header renders correctly 1`] = `
<header
  className="flex bg-white items-center p-2.5 shadow-lg mb-4"
>
  <div
    className="w-10"
  >
    <img
      alt="reddit logo"
      src="reddit-logo.png"
    />
  </div>
  <form
    className="flex justify-between border border-gray-300 p-1 rounded-lg mx-auto w-80"
  >
    <input
      aria-label="Search posts"
      id="header-search"
      name="search"
      placeholder="Search Reddit"
      type="text"
    />
    <button
      aria-label="Search"
      type="submit"
    >
      <svg
        fill="none"
        height="1em"
        stroke="currentColor"
        strokeWidth="0"
        style={
          Object {
            "color": undefined,
          }
        }
        viewBox="0 0 24 24"
        width="1em"
        xmlns="http://www.w3.org/2000/svg"
      >
        <path
          d="M21 21l-6-6m2-5a7 7 0 11-14 0 7 7 0 0114 0z"
          strokeLinecap="round"
          strokeLinejoin="round"
          strokeWidth="2"
        />
      </svg>
    </button>
  </form>
</header>
`;
